// Jest Snapshot v1, https://goo.gl/fbAQLP

exports[`renders correctly 1`] = `
<div
  className="ProductContainer"
  style={
    Object {
      "paddingRight": 5,
    }
  }
>
  <div>
    <img
      alt="Flex Leggings"
      className="card-image"
      onClick={[Function]}
      src="pink-front.png"
      style={
        Object {
          "width": "100%",
        }
      }
    />
    <p
      className="item-name"
    >
      <b>
        Flex Leggings
      </b>
    </p>
    <p
      className="item-color"
    >
      <b>
        pink
      </b>
    </p>
    <p
      className="item-price"
    >
      $
      40
      USD
    </p>
  </div>
</div>
`;
